🚀 Starting image conversion to WebP...
📁 Images directory: /Users/ws-one/Documents/www/huerray/public/images
📏 Max size: 1600x1600px

✓ Converted: about/0a5cdfce0471ca610a6ead084a4a9e3b361b9f57.png -> about/0a5cdfce0471ca610a6ead084a4a9e3b361b9f57.webp
✓ Converted: about/0d484a39aea962177654ff59fdb159b7b9c41287.png -> about/0d484a39aea962177654ff59fdb159b7b9c41287.webp
✓ Converted: about/15164edd8d903dd9c6ac790fe7b93b7d1ce68751.png -> about/15164edd8d903dd9c6ac790fe7b93b7d1ce68751.webp
✓ Converted: about/1d03ddef2b3c1be35424c99e0b1f8f1d2be72ed6.png -> about/1d03ddef2b3c1be35424c99e0b1f8f1d2be72ed6.webp
✓ Converted: about/28060ca24f97badeac0a79aa1e519e59cd2f957a.png -> about/28060ca24f97badeac0a79aa1e519e59cd2f957a.webp
✓ Converted: about/2b4fcd641a40b38ac8c0c0baee83f57ee33e4134.png -> about/2b4fcd641a40b38ac8c0c0baee83f57ee33e4134.webp
✓ Converted: about/45b0644f067963164a091c703d2c8b2df8933cc1.png -> about/45b0644f067963164a091c703d2c8b2df8933cc1.webp
✓ Converted: about/4b8c6eccb0a9fe624fac039b8bbec261a635479d.png -> about/4b8c6eccb0a9fe624fac039b8bbec261a635479d.webp
✓ Converted: about/7fdb155a23e015d4d76d7067f32a5e06fae805b0.png -> about/7fdb155a23e015d4d76d7067f32a5e06fae805b0.webp
✓ Converted: about/a51d59a9fc77a9618660f11790094f7f5e609416.png -> about/a51d59a9fc77a9618660f11790094f7f5e609416.webp
✓ Converted: about/a743a0f1def1b6b8777a0b8eef30650dfcf40114.png -> about/a743a0f1def1b6b8777a0b8eef30650dfcf40114.webp
✓ Converted: about/b095973fd8f06df1a55ffcac087746642a15fd67.png -> about/b095973fd8f06df1a55ffcac087746642a15fd67.webp
✓ Converted: about/b6779fce79c400133940747bb06aa9c1775b4dcd.png -> about/b6779fce79c400133940747bb06aa9c1775b4dcd.webp
✓ Converted: about/c7bee4f45905f8c803d33ba3b21d0f58b43c22e8.png -> about/c7bee4f45905f8c803d33ba3b21d0f58b43c22e8.webp
✓ Converted: about/ca8853224e0c02fbb4ccfb63259b039f8ef4e8c5.png -> about/ca8853224e0c02fbb4ccfb63259b039f8ef4e8c5.webp
✓ Converted: about/cc7781f765159ae88a059d6bb00a9ad2d32f891e.png -> about/cc7781f765159ae88a059d6bb00a9ad2d32f891e.webp
✓ Converted: about/f48e5f7bf1f757858afcd98b7ddb6ace19a4a92b.png -> about/f48e5f7bf1f757858afcd98b7ddb6ace19a4a92b.webp
✓ Converted: about/f9ccd17be01dac4e7c1e6eb9d3b8c1c1f1df998e.png -> about/f9ccd17be01dac4e7c1e6eb9d3b8c1c1f1df998e.webp
✓ Converted: about/fcf6d4cd663ae83527d9a8021fd7b5a61e6c027f.png -> about/fcf6d4cd663ae83527d9a8021fd7b5a61e6c027f.webp
✓ Converted: about/fee5a431d0d4bdfc05e6b3a37a3c29399b1a2207.png -> about/fee5a431d0d4bdfc05e6b3a37a3c29399b1a2207.webp
✓ Converted: about-teaser.jpg -> about-teaser.webp
✓ Converted: brands/16928458b125e91694f633476f7fd34ef6d8cefe.png -> brands/16928458b125e91694f633476f7fd34ef6d8cefe.webp
✓ Converted: brands/7d276a19cd69b3c1a8c1f90f9d7393131ea00d7e.png -> brands/7d276a19cd69b3c1a8c1f90f9d7393131ea00d7e.webp
✓ Converted: brands/9e691e42275fd5176b1832d6fab1d491d033637c.png -> brands/9e691e42275fd5176b1832d6fab1d491d033637c.webp
✓ Converted: brands/a1c258df38ed638345ae594b3548de0ec22be9ef.png -> brands/a1c258df38ed638345ae594b3548de0ec22be9ef.webp
✓ Converted: brands/beyond-feed/f5ca756a549dbd9088646531c76a8dab0d4f32f4.png -> brands/beyond-feed/f5ca756a549dbd9088646531c76a8dab0d4f32f4.webp
✓ Converted: brands/content-objective/ff36e4040fea432abfe66356bcfa58ee12e20e25.png -> brands/content-objective/ff36e4040fea432abfe66356bcfa58ee12e20e25.webp
✓ Converted: brands/content-objective/orange-products.png -> brands/content-objective/orange-products.webp
✓ Converted: brands/content-objective/woman-yellow.png -> brands/content-objective/woman-yellow.webp
✓ Converted: brands/expert-support/185f2fd7ea251a00b874bee58763148aa815fa3b.png -> brands/expert-support/185f2fd7ea251a00b874bee58763148aa815fa3b.webp
✓ Converted: brands/expert-support/42bdc11cc7775a1b800fd5480be693158f9a2f40.png -> brands/expert-support/42bdc11cc7775a1b800fd5480be693158f9a2f40.webp
✓ Converted: brands/expert-support/b746afa7d90f4c22913780f492525bf4cb291ea3.png -> brands/expert-support/b746afa7d90f4c22913780f492525bf4cb291ea3.webp
✓ Converted: brands/stop-assuming/720fff0e9e69deca65f0dd3975902e605144008a.png -> brands/stop-assuming/720fff0e9e69deca65f0dd3975902e605144008a.webp
✓ Converted: content/content-1.jpg -> content/content-1.webp
✓ Converted: content/content-10.jpg -> content/content-10.webp
✓ Converted: content/content-11.jpg -> content/content-11.webp
✓ Converted: content/content-12.jpg -> content/content-12.webp
✓ Converted: content/content-13.jpg -> content/content-13.webp
✓ Converted: content/content-14.jpg -> content/content-14.webp
✓ Converted: content/content-15.jpg -> content/content-15.webp
✓ Converted: content/content-2.jpg -> content/content-2.webp
✓ Converted: content/content-3.jpg -> content/content-3.webp
✓ Converted: content/content-4.jpg -> content/content-4.webp
✓ Converted: content/content-5.jpg -> content/content-5.webp
✓ Converted: content/content-6.jpg -> content/content-6.webp
✓ Converted: content/content-7.jpg -> content/content-7.webp
✓ Converted: content/content-8.jpg -> content/content-8.webp
✓ Converted: content/content-9.jpg -> content/content-9.webp
✓ Converted: content/how-it-works.jpg -> content/how-it-works.webp
✓ Converted: content/how-it-works.png -> content/how-it-works.webp
✓ Converted: content/lifestyle-1.jpg -> content/lifestyle-1.webp
✓ Converted: content/lifestyle-10.jpg -> content/lifestyle-10.webp
✓ Converted: content/lifestyle-11.jpg -> content/lifestyle-11.webp
✓ Converted: content/lifestyle-12.jpg -> content/lifestyle-12.webp
✓ Converted: content/lifestyle-13.jpg -> content/lifestyle-13.webp
✓ Converted: content/lifestyle-14.jpg -> content/lifestyle-14.webp
✓ Converted: content/lifestyle-15.jpg -> content/lifestyle-15.webp
✓ Converted: content/lifestyle-2.jpg -> content/lifestyle-2.webp
✓ Converted: content/lifestyle-3.jpg -> content/lifestyle-3.webp
✓ Converted: content/lifestyle-4.jpg -> content/lifestyle-4.webp
✓ Converted: content/lifestyle-5.jpg -> content/lifestyle-5.webp
✓ Converted: content/lifestyle-6.jpg -> content/lifestyle-6.webp
✓ Converted: content/lifestyle-7.jpg -> content/lifestyle-7.webp
✓ Converted: content/lifestyle-8.jpg -> content/lifestyle-8.webp
✓ Converted: content/lifestyle-9.jpg -> content/lifestyle-9.webp
✓ Converted: content/product-1.jpg -> content/product-1.webp
✓ Converted: content/product-10.jpg -> content/product-10.webp
✓ Converted: content/product-11.jpg -> content/product-11.webp
✓ Converted: content/product-12.jpg -> content/product-12.webp
✓ Converted: content/product-13.jpg -> content/product-13.webp
✓ Converted: content/product-14.jpg -> content/product-14.webp
✓ Converted: content/product-15.jpg -> content/product-15.webp
✓ Converted: content/product-2.jpg -> content/product-2.webp
✓ Converted: content/product-3.jpg -> content/product-3.webp
✓ Converted: content/product-4.jpg -> content/product-4.webp
✓ Converted: content/product-5.jpg -> content/product-5.webp
✓ Converted: content/product-6.jpg -> content/product-6.webp
✓ Converted: content/product-7.jpg -> content/product-7.webp
✓ Converted: content/product-8.jpg -> content/product-8.webp
✓ Converted: content/product-9.jpg -> content/product-9.webp
✓ Converted: content/testimonial-1.jpg -> content/testimonial-1.webp
✓ Converted: content/testimonial-10.jpg -> content/testimonial-10.webp
✓ Converted: content/testimonial-11.jpg -> content/testimonial-11.webp
✓ Converted: content/testimonial-12.jpg -> content/testimonial-12.webp
✓ Converted: content/testimonial-13.jpg -> content/testimonial-13.webp
✓ Converted: content/testimonial-14.jpg -> content/testimonial-14.webp
✓ Converted: content/testimonial-15.jpg -> content/testimonial-15.webp
✓ Converted: content/testimonial-2.jpg -> content/testimonial-2.webp
✓ Converted: content/testimonial-3.jpg -> content/testimonial-3.webp
✓ Converted: content/testimonial-4.jpg -> content/testimonial-4.webp
✓ Converted: content/testimonial-5.jpg -> content/testimonial-5.webp
✓ Converted: content/testimonial-6.jpg -> content/testimonial-6.webp
✓ Converted: content/testimonial-7.jpg -> content/testimonial-7.webp
✓ Converted: content/testimonial-8.jpg -> content/testimonial-8.webp
✓ Converted: content/testimonial-9.jpg -> content/testimonial-9.webp
✓ Converted: content/travel-1.jpg -> content/travel-1.webp
✓ Converted: content/travel-10.jpg -> content/travel-10.webp
✓ Converted: content/travel-11.jpg -> content/travel-11.webp
✓ Converted: content/travel-12.jpg -> content/travel-12.webp
✓ Converted: content/travel-13.jpg -> content/travel-13.webp
✓ Converted: content/travel-14.jpg -> content/travel-14.webp
✓ Converted: content/travel-15.jpg -> content/travel-15.webp
✓ Converted: content/travel-2.jpg -> content/travel-2.webp
✓ Converted: content/travel-3.jpg -> content/travel-3.webp
✓ Converted: content/travel-4.jpg -> content/travel-4.webp
✓ Converted: content/travel-5.jpg -> content/travel-5.webp
✓ Converted: content/travel-6.jpg -> content/travel-6.webp
✓ Converted: content/travel-7.jpg -> content/travel-7.webp
✓ Converted: content/travel-8.jpg -> content/travel-8.webp
✓ Converted: content/travel-9.jpg -> content/travel-9.webp
✓ Converted: content/unboxing-1.jpg -> content/unboxing-1.webp
✓ Converted: content/unboxing-10.jpg -> content/unboxing-10.webp
✓ Converted: content/unboxing-11.jpg -> content/unboxing-11.webp
✓ Converted: content/unboxing-12.jpg -> content/unboxing-12.webp
✓ Converted: content/unboxing-13.jpg -> content/unboxing-13.webp
✓ Converted: content/unboxing-14.jpg -> content/unboxing-14.webp
✓ Converted: content/unboxing-15.jpg -> content/unboxing-15.webp
✓ Converted: content/unboxing-2.jpg -> content/unboxing-2.webp
✓ Converted: content/unboxing-3.jpg -> content/unboxing-3.webp
✓ Converted: content/unboxing-4.jpg -> content/unboxing-4.webp
✓ Converted: content/unboxing-5.jpg -> content/unboxing-5.webp
✓ Converted: content/unboxing-6.jpg -> content/unboxing-6.webp
✓ Converted: content/unboxing-7.jpg -> content/unboxing-7.webp
✓ Converted: content/unboxing-8.jpg -> content/unboxing-8.webp
✓ Converted: content/unboxing-9.jpg -> content/unboxing-9.webp
✓ Converted: creators/1473306_People_Beauty_3840x2160 10.png -> creators/1473306_People_Beauty_3840x2160 10.webp
✓ Converted: creators/1473306_People_Beauty_3840x2160 11.png -> creators/1473306_People_Beauty_3840x2160 11.webp
✓ Converted: creators/1473306_People_Beauty_3840x2160 12.png -> creators/1473306_People_Beauty_3840x2160 12.webp
✓ Converted: creators/1473306_People_Beauty_3840x2160 13.png -> creators/1473306_People_Beauty_3840x2160 13.webp
✓ Converted: creators/1473306_People_Beauty_3840x2160 14.png -> creators/1473306_People_Beauty_3840x2160 14.webp
✓ Converted: creators/1473306_People_Beauty_3840x2160 15.png -> creators/1473306_People_Beauty_3840x2160 15.webp
✓ Converted: creators/1473306_People_Beauty_3840x2160 6.png -> creators/1473306_People_Beauty_3840x2160 6.webp
✓ Converted: creators/1473306_People_Beauty_3840x2160 7.png -> creators/1473306_People_Beauty_3840x2160 7.webp
✓ Converted: creators/1473306_People_Beauty_3840x2160 8.png -> creators/1473306_People_Beauty_3840x2160 8.webp
✓ Converted: creators/1473306_People_Beauty_3840x2160 9.png -> creators/1473306_People_Beauty_3840x2160 9.webp
✓ Converted: creators/best-friends-couple-stylish-girls-posing-white.jpg -> creators/best-friends-couple-stylish-girls-posing-white.webp
✓ Converted: creators/couple-vacation-creators.jpg -> creators/couple-vacation-creators.webp
✓ Converted: creators/creator-1.jpg -> creators/creator-1.webp
✓ Converted: creators/creator-2.jpg -> creators/creator-2.webp
✓ Converted: creators/creator-20.jpg -> creators/creator-20.webp
✓ Converted: creators/creator-3.jpg -> creators/creator-3.webp
✓ Converted: creators/creator-4.jpg -> creators/creator-4.webp
✓ Converted: creators/creator-5.jpg -> creators/creator-5.webp
✓ Converted: creators/creator-6.jpg -> creators/creator-6.webp
✓ Converted: creators/creator-in-swimming-pool.jpg -> creators/creator-in-swimming-pool.webp
✓ Converted: creators/e5fdc72b4b2fb938622217eaf617a37d7722322c.png -> creators/e5fdc72b4b2fb938622217eaf617a37d7722322c.webp
✓ Converted: creators/expressive-young-girl-posing-indoor.jpg -> creators/expressive-young-girl-posing-indoor.webp
✓ Converted: creators/front-view-male-courier-yellow-uniform-cape-with-round-delivery-bowl-his-hands-light-pink-background.jpg -> creators/front-view-male-courier-yellow-uniform-cape-with-round-delivery-bowl-his-hands-light-pink-background.webp
✓ Converted: creators/happy-black-female-influencer-unpacking-box-with-clothes-recording-video-cellphone-camera.jpg -> creators/happy-black-female-influencer-unpacking-box-with-clothes-recording-video-cellphone-camera.webp
✓ Converted: creators/main girl.jpg -> creators/main girl.webp
✓ Converted: creators/main-girl-2.jpg -> creators/main-girl-2.webp
✓ Converted: creators/main-girl.jpg -> creators/main-girl.webp
✓ Converted: creators/makeup-girl.jpg -> creators/makeup-girl.webp
✓ Converted: creators/making-presentation-new-facial-cream.jpg -> creators/making-presentation-new-facial-cream.webp
✓ Converted: creators/man-applying-anti-aging-treatment.jpg -> creators/man-applying-anti-aging-treatment.webp
✓ Converted: creators/medium-shot-woman-with-tasty-kombucha.jpg -> creators/medium-shot-woman-with-tasty-kombucha.webp
✓ Converted: creators/mum-with-daughter-creator.jpg -> creators/mum-with-daughter-creator.webp
✓ Converted: creators/optimized/creator-10.jpg -> creators/optimized/creator-10.webp
✓ Converted: creators/optimized/creator-11.jpg -> creators/optimized/creator-11.webp
✓ Converted: creators/optimized/creator-12.jpg -> creators/optimized/creator-12.webp
✓ Converted: creators/optimized/creator-13.jpg -> creators/optimized/creator-13.webp
✓ Converted: creators/optimized/creator-14.jpg -> creators/optimized/creator-14.webp
✓ Converted: creators/optimized/creator-15.jpg -> creators/optimized/creator-15.webp
✓ Converted: creators/optimized/creator-16.jpg -> creators/optimized/creator-16.webp
✓ Converted: creators/optimized/creator-17.jpg -> creators/optimized/creator-17.webp
✓ Converted: creators/optimized/creator-18.jpg -> creators/optimized/creator-18.webp
✓ Converted: creators/optimized/creator-19.jpg -> creators/optimized/creator-19.webp
✓ Converted: creators/payment-avatar.jpg -> creators/payment-avatar.webp
✓ Converted: creators/side-view-smiley-women-with-smartphone.jpg -> creators/side-view-smiley-women-with-smartphone.webp
✓ Converted: creators/smiling-young-couple-looking-into-cardboard-box.jpg -> creators/smiling-young-couple-looking-into-cardboard-box.webp
✓ Converted: creators/source/automation.jpg -> creators/source/automation.webp
✓ Converted: creators/source/creative-director.jpg -> creators/source/creative-director.webp
✓ Converted: creators/source/creator-10.jpg -> creators/source/creator-10.webp
✓ Converted: creators/source/creator-11.jpg -> creators/source/creator-11.webp
✓ Converted: creators/source/creator-12.jpg -> creators/source/creator-12.webp
✓ Converted: creators/source/creator-13.jpg -> creators/source/creator-13.webp
✓ Converted: creators/source/creator-14.jpg -> creators/source/creator-14.webp
✓ Converted: creators/source/creator-15.jpg -> creators/source/creator-15.webp
✓ Converted: creators/source/creator-16.jpg -> creators/source/creator-16.webp
✓ Converted: creators/source/creator-17.jpg -> creators/source/creator-17.webp
✓ Converted: creators/source/creator-18.jpg -> creators/source/creator-18.webp
✓ Converted: creators/source/creator-19.jpg -> creators/source/creator-19.webp
✓ Converted: creators/source/ea2b95fcfa20d284b09aecc68a8329be56a2e5e6.jpg -> creators/source/ea2b95fcfa20d284b09aecc68a8329be56a2e5e6.webp
✓ Converted: creators/source/f5ca756a549dbd9088646531c76a8dab0d4f32f4.jpg -> creators/source/f5ca756a549dbd9088646531c76a8dab0d4f32f4.webp
✓ Converted: creators/source/main girl.jpg -> creators/source/main girl.webp
✓ Converted: creators/testimonial-baron-mchennnie.jpg -> creators/testimonial-baron-mchennnie.webp
✓ Converted: creators/woman-training-outdoors.jpg -> creators/woman-training-outdoors.webp
✓ Converted: orange-wavy-background.jpg -> orange-wavy-background.webp
✓ Converted: source/stylish-african-american-woman-posing-with-young-man-sunglasses-pink-background.jpg -> source/stylish-african-american-woman-posing-with-young-man-sunglasses-pink-background.webp
✓ Converted: stone-orange-bg.jpg -> stone-orange-bg.webp
✓ Converted: testimonials/jorens-avatar.jpg -> testimonials/jorens-avatar.webp
✓ Converted: textured-gradient-background.jpg -> textured-gradient-background.webp
✓ Converted: what-wedo-collage.png -> what-wedo-collage.webp

============================================================
✅ Conversion complete!

📊 Summary:
   Files converted: 193
   Original size: 460.12 MB
   New size: 21.97 MB
   Savings: 438.14 MB (95.2%)

📝 Conversion map saved to: scripts/conversion-map.json
